[colab] Parsing notebook '/home/kurt/colab-runs/tabpfn-classifier-pipeline-0e5a27c-d4617d/tabpfn_classifier_colab_0e5a27c_colab-cli-t4.ipynb'...
[colab] Executing cell 1/11 - Infrastructure: check the runtime, accelerator and disk; create (or keep) the run directory...
{'accelerator': 'Tesla T4, 15360 MiB', 'kernel_python': '3.13.15', 'run_directory': '/content/dimer_runs/tabpfn_classifier/10f36ce68e73', 'outputs': '/content/outputs', 'weights': '/content/weights', 'environment_root': '/tmp/dimer_uv', 'free_gib': {'weights': 193.3, 'environment': 193.3}}
[colab] Executing cell 2/11 - Infrastructure: write and verify the carried package, stage runner, lock, manifest and samples...
{'carried_files': 7, 'verified': True, 'repository': 'kurtvalcorza/tabpfn-classifier-pipeline', 'revision': 'ea1d63e4d61af6c6b248dcf711dc48fb9606f6cf', 'generator': 'build_notebook.py/3.0-tabular'}
[colab] Executing cell 3/11 - Infrastructure: build (or reuse) the isolated locked environment and define the stage runner...
{'notebook_source': 'ea1d63e4d61af6c6b248dcf711dc48fb9606f6cf', 'python': '3.12.12', 'torch': '2.11.0', 'tabpfn': '8.1.0', 'numpy': '2.5.3', 'pandas': '2.3.2', 'scikit-learn': '1.9.0', 'cuda': True, 'locked_packages': 63, 'environment': '/tmp/dimer_uv/venv-22613682882ebc1b', 'environment_reused': False, 'setup_seconds': 62}
[colab] Executing cell 4/11 - Infrastructure: stage and digest-verify the pinned checkpoint...
Running stage 'weights' in the isolated environment; log: /content/dimer_runs/tabpfn_classifier/10f36ce68e73/logs/weights.log
{'model_id': 'Prior-Labs/tabpfn_3', 'revision': '24a16a89d245878b846555110985634aa2e656d7', 'license': 'tabpfn-3-license-v1.0', 'files': 4, 'total_bytes': 212830007}
{'weights_dir': '/content/weights/tabpfn-3-classifier', 'fetched': ['LICENSE', 'README.md', 'config.json', 'tabpfn-v3-classifier-v3_default.ckpt']}
{'verified_files': 4, 'revision': '24a16a89d245878b846555110985634aa2e656d7', 'checkpoint': 'tabpfn-v3-classifier-v3_default.ckpt', 'sha256': 'd0d865d54dfbc524f5703104be90620182dca7e5fb2c16de72e9959ea18f3988'}
[colab] Executing cell 5/11 - tabpfn_classifier-14...
Running stage 'data' in the isolated environment; log: /content/dimer_runs/tabpfn_classifier/10f36ce68e73/logs/data.log
{'sample_kind': 'synthetic', 'type': 'deterministic synthetic tutorial sample', 'generator': 'build_synthetic_dataset', 'rows': {'train': 420, 'val': 90, 'test': 90}, 'features': 12, 'classes': 3, 'seed': 42, 'dataset_sha256': '150221038ef6f82c3d7930a27525fb8e52fd7c3835f132ff0098fd4237a17faf', 'target': 'target', 'drop_columns': ['record_id', 'category'], 'text_columns': [], 'splits': 'explicit train/val/test from the dataset'}
class counts (train): {'class_0': 139, 'class_1': 142, 'class_2': 139}
DROP_COLUMNS ['record_id', 'category']: kept beside the predictions as identifiers, never given to the model.
[colab] Executing cell 6/11 - tabpfn_classifier-17...
Running stage 'validate' in the isolated environment; log: /content/dimer_runs/tabpfn_classifier/10f36ce68e73/logs/validate.log
{'ceilings': {'MAX_TRAIN_ROWS': 1000000, 'MAX_FEATURES': 2000, 'MAX_CLASSES': 160, 'MIN_CLASSES': 2, 'MIN_ROWS_PER_CLASS': 2}, 'decision_rule': 'argmax', 'model_version': 'v3'}
{
  "id": "deterministic synthetic tutorial sample",
  "mode": "in-context-fit",
  "target_column": "target",
  "classes": [
    "class_0",
    "class_1",
    "class_2"
  ],
  "numeric_features": 12,
  "categorical_features": 0,
  "splits": {
    "train": {
      "rows": 420,
      "class_counts": {
        "class_0": 139,
        "class_1": 142,
        "class_2": 139
      }
    },
    "val": {
      "rows": 90,
      "class_counts": {
        "class_0": 30,
        "class_1": 30,
        "class_2": 30
      }
    },
    "test": {
      "rows": 90,
      "class_counts": {
        "class_0": 30,
        "class_1": 30,
        "class_2": 30
      }
    }
  },
  "drop_columns": [
    "record_id",
    "category"
  ]
}
findings: [
  {
    "input": "renamed-target-probe",
    "code": "TARGET_MISSING",
    "verdict": "rejected",
    "message": "train.csv: target column 'target' not present",
    "observed": [
      "feature_00",
      "feature_01",
      "feature_02",
      "feature_03",
      "feature_04",
      "feature_05",
      "feature_06",
      "feature_07",
      "feature_08",
      "feature_09",
      "feature_10",
      "feature_11",
      "label"
    ]
  }
]
majority-class baseline on val.csv {'majorityClass': 'class_1', 'trainClassCounts': {'class_0': 139, 'class_1': 142, 'class_2': 139}, 'accuracy': 0.3333, 'balancedAccuracy': 0.3333, 'logLoss': 1.0987}
[colab] Executing cell 7/11 - tabpfn_classifier-20...
Running stage 'condition' in the isolated environment; log: /content/dimer_runs/tabpfn_classifier/10f36ce68e73/logs/condition.log
/tmp/dimer_uv/venv-22613682882ebc1b/lib/python3.12/site-packages/sklearn/metrics/_classification.py:304: UserWarning: The y_prob values do not sum to one. Make sure to pass probabilities.
  warnings.warn(
/tmp/dimer_uv/venv-22613682882ebc1b/lib/python3.12/site-packages/sklearn/metrics/_classification.py:304: UserWarning: The y_prob values do not sum to one. Make sure to pass probabilities.
  warnings.warn(
{
  "mode": "zero-shot-icl (in-context conditioning, no gradient update)",
  "device": "cuda",
  "n_estimators": 4,
  "seed": 42,
  "classes": [
    "class_0",
    "class_1",
    "class_2"
  ],
  "validation": {
    "accuracy": 0.9778,
    "balancedAccuracy": 0.9778,
    "logLoss": 0.0658,
    "rocAuc": 0.9994
  },
  "test": {
    "accuracy": 0.9778,
    "balancedAccuracy": 0.9778,
    "logLoss": 0.0794,
    "rocAuc": 0.9978
  }
}
Adaptation: in-context conditioning is this tutorial's adaptation; the production pipeline's gradient fine-tuning (Prior Labs' FinetunedTabPFNClassifier, default on, large-GPU) is not run here — the same fallback production uses without a large GPU. Proposed RUN7 deviation, pending maintainer approval.
[colab] Executing cell 8/11 - tabpfn_classifier-23...
Running stage 'report' in the isolated environment; log: /content/dimer_runs/tabpfn_classifier/10f36ce68e73/logs/report.log
{
  "verdict": "sample-sanity",
  "reason": "90 validation row(s) from one holdout; tutorial evidence, not a benchmark",
  "decision_rule": "argmax",
  "n_validation": 90,
  "validation_errors": {
    "tabpfn": 2,
    "majority_class": 60,
    "standardised_logistic_regression": 8
  },
  "classical_reference": {
    "id": "standardised_logistic_regression",
    "features": "numeric features only",
    "validation": {
      "accuracy": 0.9111,
      "balancedAccuracy": 0.9111,
      "errors": 8
    },
    "test": {
      "accuracy": 0.9444,
      "balancedAccuracy": 0.9444,
      "errors": 5
    },
    "validation_rows": 90,
    "one_row_resolution": 0.0111
  },
  "interpretation": "One validation row is 0.0111 of accuracy (90 rows); differences of a row or two between models are within that resolution, and no dispersion over splits was measured."
}
[colab] Executing cell 9/11 - tabpfn_classifier-26...
Running stage 'export' in the isolated environment; log: /content/dimer_runs/tabpfn_classifier/10f36ce68e73/logs/export.log
{'artifact': ['artifact_manifest.json', 'model.ckpt', 'model.tabpfn_fit'], 'fittedEstimatorSha256': '6bf34e5baea38357e98bb8498bb4f9fe1d445d6524c78a7c88552741120d8655', 'foundationCheckpointSha256': 'd0d865d54dfbc524f5703104be90620182dca7e5fb2c16de72e9959ea18f3988', 'bundle_zip': 'tabpfn_classifier_artifact.zip', 'bundle_zip_sha256': '1338aa27f0083ceb343eac63e79e0e98763c2faf42be81b1826af794c1eb10ce'}
Trusted digests for the companion notebook: EXPECTED_ZIP_SHA256 = '1338aa27f0083ceb343eac63e79e0e98763c2faf42be81b1826af794c1eb10ce', EXPECTED_FITTED_SHA256 = '6bf34e5baea38357e98bb8498bb4f9fe1d445d6524c78a7c88552741120d8655'.
Running stage 'reload' in the isolated environment; log: /content/dimer_runs/tabpfn_classifier/10f36ce68e73/logs/reload.log
{
  "rows": 90,
  "maxAbsProbabilityDifference": 0.0,
  "rtol": 1e-05,
  "atol": 1e-06,
  "labelsIdentical": true,
  "recordedAccuracy": 0.97777778,
  "recordedModelPath": "/content/weights/tabpfn-3-classifier/tabpfn-v3-classifier-v3_default.ckpt",
  "process": "fresh (separate from the exporting stage)"
}
Fresh-boundary verification PASSED: probabilities equivalent on 90 validation rows (rtol=1e-05, atol=1e-06).
[colab] Executing cell 10/11 - tabpfn_classifier-29...
Running stage 'predict' in the isolated environment; log: /content/dimer_runs/tabpfn_classifier/10f36ce68e73/logs/predict.log
scored rows drawn from: first 8 rows of test.csv (held out from the in-context support), target removed
Their unlabelled copy, with ['category', 'record_id'] identifier column(s), is outputs/tabpfn_classifier_new_rows.csv: the companion notebook's input.
 category record_id prediction  proba_class_0  proba_class_1  proba_class_2
segment_3 row-00427    class_1         0.0001         0.9974         0.0025
segment_0 row-00156    class_2         0.0096         0.0119         0.9785
segment_1 row-00381    class_2         0.0032         0.0074         0.9894
segment_1 row-00317    class_2         0.0181         0.0087         0.9732
segment_2 row-00286    class_2         0.0112         0.0039         0.9849
segment_3 row-00435    class_1         0.0000         0.9985         0.0015
segment_0 row-00120    class_1         0.0003         0.9940         0.0058
segment_0 row-00272    class_2         0.0036         0.0036         0.9927
[colab] Executing cell 11/11 - tabpfn_classifier-32...
Optional activity skipped: tick RUN_ACTIVITY to run it. The canonical outputs are complete.
[colab] Saving notebook with outputs to '/home/kurt/colab-runs/tabpfn-classifier-pipeline-0e5a27c-d4617d/tabpfn_classifier_colab_0e5a27c_colab-cli-t4_output.ipynb'...
